.
./setup.py
./README
./sql
./sql/sp_createUser.sql
./sql/BucketList_table.sql
./app.py
./NewPythonProject
./FlaskApp
./templates
./templates/index.html
./templates/signup.html
./nb-configuration.xml
./static
./static/signup.css
./static/js
./static/js/jquery-1.11.3.js
./newpythonproject.py
./tmp.lst
./.git
./.git/description
./.git/info
./.git/info/exclude
./.git/HEAD
./.git/index
./.git/config
./.git/logs
./.git/logs/HEAD
./.git/logs/refs
./.git/logs/refs/heads
./.git/logs/refs/heads/master
./.git/logs/refs/remotes
./.git/logs/refs/remotes/origin
./.git/logs/refs/remotes/origin/master
./.git/objects
./.git/objects/f9
./.git/objects/f9/424baddade4edd7f41681ff3d7a0f4eee9ffce
./.git/objects/info
./.git/objects/1a
./.git/objects/1a/7ef887934223223b08694a6b02528773a060a3
./.git/objects/99
./.git/objects/99/5529a3baf9b8bc6bc6204a47d541f0a9973814
./.git/objects/pack
./.git/objects/38
./.git/objects/38/32f8ec04a1ea399ae30f11b96fe40732b23f10
./.git/branches
./.git/refs
./.git/refs/heads
./.git/refs/heads/master
./.git/refs/tags
./.git/refs/remotes
./.git/refs/remotes/origin
./.git/refs/remotes/origin/master
./.git/FETCH_HEAD
./.git/COMMIT_EDITMSG
./.git/hooks
./.git/hooks/update.sample
./.git/hooks/prepare-commit-msg.sample
./.git/hooks/pre-push.sample
./.git/hooks/commit-msg.sample
./.git/hooks/post-update.sample
./.git/hooks/applypatch-msg.sample
./.git/hooks/pre-applypatch.sample
./.git/hooks/pre-commit.sample
./.git/hooks/pre-rebase.sample
